........................................................................ [  6%]
........................................................................ [ 13%]
........................................................................ [ 20%]
........................................................................ [ 27%]
........................................................................ [ 34%]
........................................................................ [ 41%]
........................................................................ [ 48%]
........................................................................ [ 55%]
........................................................................ [ 62%]
........................................................................ [ 69%]
..........................................s............................. [ 76%]
........................................................................ [ 83%]
........................................................................ [ 90%]
........................................................................ [ 97%]
.......................                                                  [100%]
============================== warnings summary ===============================
tests/test_intelligence_analyses.py: 21 warnings
tests/test_web_ui.py: 66 warnings
  C:\Users\karne\OneDrive\Desktop\GovCon\.venv\Lib\site-packages\starlette\testclient.py:463: DeprecationWarning: Setting per-request cookies=<...> is being deprecated, because the expected behaviour on cookie persistence is ambiguous. Set cookies directly on the client instance instead.
    return super().request(

-- Docs: https://docs.pytest.org/en/stable/how-to/capture-warnings.html
1030 passed, 1 skipped, 87 warnings in 97.92s (0:01:37)
