........................................................................ [  6%]
........................................................................ [ 13%]
........................................................................ [ 20%]
........................................................................ [ 27%]
........................................................................ [ 34%]
........................................................................ [ 41%]
........................................................................ [ 48%]
........................................................................ [ 55%]
........................................................................ [ 62%]
........................................................................ [ 68%]
.......................................................s................ [ 75%]
........................................................................ [ 82%]
........................................................................ [ 89%]
........................................................................ [ 96%]
....................................                                     [100%]
============================== warnings summary ===============================
tests/test_feature_audit_fixes.py: 9 warnings
tests/test_intelligence_analyses.py: 21 warnings
tests/test_web_ui.py: 66 warnings
  C:\Users\karne\OneDrive\Desktop\GovCon\.venv\Lib\site-packages\starlette\testclient.py:463: DeprecationWarning: Setting per-request cookies=<...> is being deprecated, because the expected behaviour on cookie persistence is ambiguous. Set cookies directly on the client instance instead.
    return super().request(

-- Docs: https://docs.pytest.org/en/stable/how-to/capture-warnings.html
1043 passed, 1 skipped, 96 warnings in 125.60s (0:02:05)
