........................................................................ [  6%]
........................................................................ [ 13%]
........................................................................ [ 20%]
........................................................................ [ 27%]
........................................................................ [ 33%]
...................................................................x.... [ 40%]
............x........................................................... [ 47%]
........................................................................ [ 54%]
........................................................................ [ 60%]
........................................................................ [ 67%]
........................................................................ [ 74%]
..s..................................................................... [ 81%]
........................................................................ [ 88%]
........................................................................ [ 94%]
.......................................................                  [100%]
============================== warnings summary ===============================
tests/test_feature_audit_fixes.py: 11 warnings
tests/test_intelligence_analyses.py: 21 warnings
tests/test_web_ui.py: 66 warnings
  C:\Users\karne\OneDrive\Desktop\GovCon\.venv\Lib\site-packages\starlette\testclient.py:463: DeprecationWarning: Setting per-request cookies=<...> is being deprecated, because the expected behaviour on cookie persistence is ambiguous. Set cookies directly on the client instance instead.
    return super().request(

-- Docs: https://docs.pytest.org/en/stable/how-to/capture-warnings.html
1060 passed, 1 skipped, 2 xfailed, 98 warnings in 123.51s (0:02:03)
