........................................................................ [  6%]
........................................................................ [ 13%]
........................................................................ [ 20%]
........................................................................ [ 27%]
........................................................................ [ 34%]
...................................................................x.... [ 41%]
........................................................................ [ 47%]
........................................................................ [ 54%]
........................................................................ [ 61%]
........................................................................ [ 68%]
...............................................................s........ [ 75%]
........................................................................ [ 82%]
........................................................................ [ 88%]
........................................................................ [ 95%]
............................................                             [100%]
============================== warnings summary ===============================
tests/test_feature_audit_fixes.py: 11 warnings
tests/test_intelligence_analyses.py: 21 warnings
tests/test_web_ui.py: 66 warnings
  C:\Users\karne\OneDrive\Desktop\GovCon\.venv\Lib\site-packages\starlette\testclient.py:463: DeprecationWarning: Setting per-request cookies=<...> is being deprecated, because the expected behaviour on cookie persistence is ambiguous. Set cookies directly on the client instance instead.
    return super().request(

-- Docs: https://docs.pytest.org/en/stable/how-to/capture-warnings.html
1050 passed, 1 skipped, 1 xfailed, 98 warnings in 120.53s (0:02:00)
