..............x......................................................... [ 18%]
......................F..................FF............................. [ 37%]
...........................................F............................ [ 56%]
........................................................................ [ 75%]
........................................................................ [ 94%]
....................                                                     [100%]
================================== FAILURES ===================================
_____________________ test_generate_proposal_with_ai_mock _____________________
tests\test_proposal_submission.py:291: in test_generate_proposal_with_ai_mock
    assert result["section_count"] == 2
E   assert 3 == 2
---------------------------- Captured stderr call -----------------------------
WARNI [govcon.proposals.service] AI drafting failed (registry_absent); using placeholder draft: no active version for prompt 'proposal_drafting'
------------------------------ Captured log call ------------------------------
WARNING  govcon.proposals.service:service.py:158 AI drafting failed (registry_absent); using placeholder draft: no active version for prompt 'proposal_drafting'
__________________ test_red_team_runs_and_persists_findings ___________________
src\govcon\ai\structured.py:69: in resolve_prompt
    return load_prompt(session, prompt_name, version="active", prompt_root=prompt_root)
           ^^^^^^^^^^^^^^^^^^^^^^^^^^^^^^^^^^^^^^^^^^^^^^^^^^^^^^^^^^^^^^^^^^^^^^^^^^^^
src\govcon\prompting\registry.py:320: in load_prompt
    raise error(f"no active version for prompt {prompt_name!r}")
E   govcon.prompting.registry.PromptRegistryAbsent: no active version for prompt 'proposal_red_team'

The above exception was the direct cause of the following exception:
tests\test_proposal_submission.py:834: in test_red_team_runs_and_persists_findings
    rt_result = run_proposal_red_team(
src\govcon\proposals\ai_review.py:123: in run_proposal_red_team
    result = run_structured_prompt(
src\govcon\ai\structured.py:139: in run_structured_prompt
    prompt = resolve_prompt(session, prompt_name, settings)
             ^^^^^^^^^^^^^^^^^^^^^^^^^^^^^^^^^^^^^^^^^^^^^^
src\govcon\ai\structured.py:72: in resolve_prompt
    raise StructuredCallError("registry_absent", str(exc)) from exc
E   govcon.ai.structured.StructuredCallError: registry_absent: no active version for prompt 'proposal_red_team'
___________________ test_red_team_major_only_does_not_block ___________________
src\govcon\ai\structured.py:69: in resolve_prompt
    return load_prompt(session, prompt_name, version="active", prompt_root=prompt_root)
           ^^^^^^^^^^^^^^^^^^^^^^^^^^^^^^^^^^^^^^^^^^^^^^^^^^^^^^^^^^^^^^^^^^^^^^^^^^^^
src\govcon\prompting\registry.py:320: in load_prompt
    raise error(f"no active version for prompt {prompt_name!r}")
E   govcon.prompting.registry.PromptRegistryAbsent: no active version for prompt 'proposal_red_team'

The above exception was the direct cause of the following exception:
tests\test_proposal_submission.py:873: in test_red_team_major_only_does_not_block
    rt_result = run_proposal_red_team(
src\govcon\proposals\ai_review.py:123: in run_proposal_red_team
    result = run_structured_prompt(
src\govcon\ai\structured.py:139: in run_structured_prompt
    prompt = resolve_prompt(session, prompt_name, settings)
             ^^^^^^^^^^^^^^^^^^^^^^^^^^^^^^^^^^^^^^^^^^^^^^
src\govcon\ai\structured.py:72: in resolve_prompt
    raise StructuredCallError("registry_absent", str(exc)) from exc
E   govcon.ai.structured.StructuredCallError: registry_absent: no active version for prompt 'proposal_red_team'
__ test_ai_validation_populates_side_opinion_without_changing_human_comment ___
tests\test_collaborative_review.py:202: in test_ai_validation_populates_side_opinion_without_changing_human_comment
    assert row.ai_position == "disagree"
E   AssertionError: assert None == 'disagree'
E    +  where None = <govcon.models.ReviewComment object at 0x000001D5F08FDBB0>.ai_position
---------------------------- Captured stderr call -----------------------------
--- Logging error ---
Traceback (most recent call last):
  File "C:\Users\karne\AppData\Local\Programs\Python\Python312\Lib\logging\__init__.py", line 1163, in emit
    stream.write(msg + self.terminator)
ValueError: I/O operation on closed file.
Call stack:
  File "<frozen runpy>", line 198, in _run_module_as_main
  File "<frozen runpy>", line 88, in _run_code
  File "C:\Users\karne\OneDrive\Desktop\GovCon\.venv\Lib\site-packages\pytest\__main__.py", line 9, in <module>
    raise SystemExit(_console_main())
  File "C:\Users\karne\OneDrive\Desktop\GovCon\.venv\Lib\site-packages\_pytest\config\__init__.py", line 253, in _console_main
    code = _main(prog=_get_prog_name(sys.argv))
  File "C:\Users\karne\OneDrive\Desktop\GovCon\.venv\Lib\site-packages\_pytest\config\__init__.py", line 229, in _main
    ret: ExitCode | int = config.hook.pytest_cmdline_main(config=config)
  File "C:\Users\karne\OneDrive\Desktop\GovCon\.venv\Lib\site-packages\pluggy\_hooks.py", line 512, in __call__
    return self._hookexec(self.name, self._hookimpls.copy(), kwargs, firstresult)
  File "C:\Users\karne\OneDrive\Desktop\GovCon\.venv\Lib\site-packages\pluggy\_manager.py", line 120, in _hookexec
    return self._inner_hookexec(hook_name, methods, kwargs, firstresult)
  File "C:\Users\karne\OneDrive\Desktop\GovCon\.venv\Lib\site-packages\pluggy\_callers.py", line 121, in _multicall
    res = hook_impl.function(*args)
  File "C:\Users\karne\OneDrive\Desktop\GovCon\.venv\Lib\site-packages\_pytest\main.py", line 377, in pytest_cmdline_main
    return wrap_session(config, _main)
  File "C:\Users\karne\OneDrive\Desktop\GovCon\.venv\Lib\site-packages\_pytest\main.py", line 330, in wrap_session
    session.exitstatus = doit(config, session) or 0
  File "C:\Users\karne\OneDrive\Desktop\GovCon\.venv\Lib\site-packages\_pytest\main.py", line 384, in _main
    config.hook.pytest_runtestloop(session=session)
  File "C:\Users\karne\OneDrive\Desktop\GovCon\.venv\Lib\site-packages\pluggy\_hooks.py", line 512, in __call__
    return self._hookexec(self.name, self._hookimpls.copy(), kwargs, firstresult)
  File "C:\Users\karne\OneDrive\Desktop\GovCon\.venv\Lib\site-packages\pluggy\_manager.py", line 120, in _hookexec
    return self._inner_hookexec(hook_name, methods, kwargs, firstresult)
  File "C:\Users\karne\OneDrive\Desktop\GovCon\.venv\Lib\site-packages\pluggy\_callers.py", line 121, in _multicall
    res = hook_impl.function(*args)
  File "C:\Users\karne\OneDrive\Desktop\GovCon\.venv\Lib\site-packages\_pytest\main.py", line 408, in pytest_runtestloop
    item.config.hook.pytest_runtest_protocol(item=item, nextitem=nextitem)
  File "C:\Users\karne\OneDrive\Desktop\GovCon\.venv\Lib\site-packages\pluggy\_hooks.py", line 512, in __call__
    return self._hookexec(self.name, self._hookimpls.copy(), kwargs, firstresult)
  File "C:\Users\karne\OneDrive\Desktop\GovCon\.venv\Lib\site-packages\pluggy\_manager.py", line 120, in _hookexec
    return self._inner_hookexec(hook_name, methods, kwargs, firstresult)
  File "C:\Users\karne\OneDrive\Desktop\GovCon\.venv\Lib\site-packages\pluggy\_callers.py", line 121, in _multicall
    res = hook_impl.function(*args)
  File "C:\Users\karne\OneDrive\Desktop\GovCon\.venv\Lib\site-packages\_pytest\runner.py", line 118, in pytest_runtest_protocol
    runtestprotocol(item, nextitem=nextitem)
  File "C:\Users\karne\OneDrive\Desktop\GovCon\.venv\Lib\site-packages\_pytest\runner.py", line 139, in runtestprotocol
    reports.append(call_and_report(item, "call", log))
  File "C:\Users\karne\OneDrive\Desktop\GovCon\.venv\Lib\site-packages\_pytest\runner.py", line 249, in call_and_report
    call = CallInfo.from_call(
  File "C:\Users\karne\OneDrive\Desktop\GovCon\.venv\Lib\site-packages\_pytest\runner.py", line 361, in from_call
    result: TResult | None = func()
  File "C:\Users\karne\OneDrive\Desktop\GovCon\.venv\Lib\site-packages\_pytest\runner.py", line 250, in <lambda>
    lambda: runtest_hook(item=item, **kwds),
  File "C:\Users\karne\OneDrive\Desktop\GovCon\.venv\Lib\site-packages\pluggy\_hooks.py", line 512, in __call__
    return self._hookexec(self.name, self._hookimpls.copy(), kwargs, firstresult)
  File "C:\Users\karne\OneDrive\Desktop\GovCon\.venv\Lib\site-packages\pluggy\_manager.py", line 120, in _hookexec
    return self._inner_hookexec(hook_name, methods, kwargs, firstresult)
  File "C:\Users\karne\OneDrive\Desktop\GovCon\.venv\Lib\site-packages\pluggy\_callers.py", line 121, in _multicall
    res = hook_impl.function(*args)
  File "C:\Users\karne\OneDrive\Desktop\GovCon\.venv\Lib\site-packages\_pytest\runner.py", line 184, in pytest_runtest_call
    item.runtest()
  File "C:\Users\karne\OneDrive\Desktop\GovCon\.venv\Lib\site-packages\_pytest\python.py", line 1707, in runtest
    self.ihook.pytest_pyfunc_call(pyfuncitem=self)
  File "C:\Users\karne\OneDrive\Desktop\GovCon\.venv\Lib\site-packages\pluggy\_hooks.py", line 512, in __call__
    return self._hookexec(self.name, self._hookimpls.copy(), kwargs, firstresult)
  File "C:\Users\karne\OneDrive\Desktop\GovCon\.venv\Lib\site-packages\pluggy\_manager.py", line 120, in _hookexec
    return self._inner_hookexec(hook_name, methods, kwargs, firstresult)
  File "C:\Users\karne\OneDrive\Desktop\GovCon\.venv\Lib\site-packages\pluggy\_callers.py", line 121, in _multicall
    res = hook_impl.function(*args)
  File "C:\Users\karne\OneDrive\Desktop\GovCon\.venv\Lib\site-packages\_pytest\python.py", line 167, in pytest_pyfunc_call
    result = testfunction(**testargs)
  File "C:\Users\karne\OneDrive\Desktop\GovCon\tests\test_collaborative_review.py", line 186, in test_ai_validation_populates_side_opinion_without_changing_human_comment
    assign_reviewer(session, opportunity_id=opp.id, user_id=reviewer.id)
  File "C:\Users\karne\OneDrive\Desktop\GovCon\src\govcon\collaboration\assignments.py", line 87, in assign_reviewer
    notify(
  File "C:\Users\karne\OneDrive\Desktop\GovCon\src\govcon\collaboration\notifications.py", line 54, in notify
    logger.info(
Message: 'notification_stored type=review_assigned user_id=144 email_delivery=disabled'
Arguments: ()
------------------------------ Captured log call ------------------------------
INFO     govcon.collaboration.notifications:notifications.py:54 notification_stored type=review_assigned user_id=144 email_delivery=disabled
============================== warnings summary ===============================
tests/test_feature_audit_fixes.py: 14 warnings
tests/test_web_ui.py: 66 warnings
  C:\Users\karne\OneDrive\Desktop\GovCon\.venv\Lib\site-packages\starlette\testclient.py:463: DeprecationWarning: Setting per-request cookies=<...> is being deprecated, because the expected behaviour on cookie persistence is ambiguous. Set cookies directly on the client instance instead.
    return super().request(

-- Docs: https://docs.pytest.org/en/stable/how-to/capture-warnings.html
=========================== short test summary info ===========================
FAILED tests/test_proposal_submission.py::test_generate_proposal_with_ai_mock
FAILED tests/test_proposal_submission.py::test_red_team_runs_and_persists_findings
FAILED tests/test_proposal_submission.py::test_red_team_major_only_does_not_block
FAILED tests/test_collaborative_review.py::test_ai_validation_populates_side_opinion_without_changing_human_comment
4 failed, 375 passed, 1 xfailed, 80 warnings in 86.62s (0:01:26)
